
> misub@2.4.0 test:run
> vitest run tests/unit/builtin-surge-generator.test.js


[1m[46m RUN [49m[22m [36mv4.0.16 [39m[90mE:/Cloudflare/MiSub[39m

[90mstdout[2m | tests/unit/builtin-surge-generator.test.js[2m > [22m[2mSurge 鍐呯疆鐢熸垚鍣?[2m > [22m[2mVLESS锛堜笉鏀寔锛?[2m > [22m[2m搴旇烦杩?VLESS 鑺傜偣
[22m[39m[BuiltinSurge] 璺宠繃涓嶆敮鎸佺殑 VLESS 鑺傜偣: VLESSNode

[90mstdout[2m | tests/unit/builtin-surge-generator.test.js[2m > [22m[2mSurge 鍐呯疆鐢熸垚鍣?[2m > [22m[2m娣峰悎鍗忚[2m > [22m[2m搴斿湪浠ｇ悊鍒嗙粍涓寘鍚墍鏈夋湁鏁堣妭鐐?[22m[39m[BuiltinSurge] 璺宠繃涓嶆敮鎸佺殑 VLESS 鑺傜偣: VLESSSkipped

 [32m鉁?[39m tests/unit/builtin-surge-generator.test.js [2m([22m[2m27 tests[22m[2m)[22m[32m 10[2mms[22m[39m

[2m Test Files [22m [1m[32m1 passed[39m[22m[90m (1)[39m
[2m      Tests [22m [1m[32m27 passed[39m[22m[90m (27)[39m
[2m   Start at [22m 09:53:00
[2m   Duration [22m 700ms[2m (transform 40ms, setup 0ms, import 61ms, tests 10ms, environment 454ms)[22m

